Error in loading `[3]LA13 BOTTOM!H28`:
openpyxl does not support  file format, please check you can open it with Excel first. Supported formats are: .xlsx,.xlsm,.xltx,.xltm
Error in loading `[3]LA-13A!E19`:
openpyxl does not support  file format, please check you can open it with Excel first. Supported formats are: .xlsx,.xlsm,.xltx,.xltm
Error in loading `[3]DE-1!J226`:
openpyxl does not support  file format, please check you can open it with Excel first. Supported formats are: .xlsx,.xlsm,.xltx,.xltm
Error in loading `[2]LA7!D32`:
openpyxl does not support  file format, please check you can open it with Excel first. Supported formats are: .xlsx,.xlsm,.xltx,.xltm
Error in loading `[1]TAX TITLE FORM!G32`:
openpyxl does not support  file format, please check you can open it with Excel first. Supported formats are: .xlsx,.xlsm,.xltx,.xltm
Error in loading `[1]START!C56`:
openpyxl does not support  file format, please check you can open it with Excel first. Supported formats are: .xlsx,.xlsm,.xltx,.xltm
Error in loading `[1]LA5 FORM!L54`:
openpyxl does not support  file format, please check you can open it with Excel first. Supported formats are: .xlsx,.xlsm,.xltx,.xltm
Error in loading `[1]LA5 FORM!L53`:
openpyxl does not support  file format, please check you can open it with Excel first. Supported formats are: .xlsx,.xlsm,.xltx,.xltm
Error in loading `[1]LA5 FORM!L52`:
openpyxl does not support  file format, please check you can open it with Excel first. Supported formats are: .xlsx,.xlsm,.xltx,.xltm
Error in loading `[1]LA5 FORM!L51`:
openpyxl does not support  file format, please check you can open it with Excel first. Supported formats are: .xlsx,.xlsm,.xltx,.xltm
Error in loading `[1]LA5 FORM!L50`:
openpyxl does not support  file format, please check you can open it with Excel first. Supported formats are: .xlsx,.xlsm,.xltx,.xltm
Error in loading `[1]CHAPTER 200!G7`:
openpyxl does not support  file format, please check you can open it with Excel first. Supported formats are: .xlsx,.xlsm,.xltx,.xltm
Error in loading `[1]CHAPTER 200!B48:E400`:
openpyxl does not support  file format, please check you can open it with Excel first. Supported formats are: .xlsx,.xlsm,.xltx,.xltm
Error in loading `[1]B-1!I42`:
openpyxl does not support  file format, please check you can open it with Excel first. Supported formats are: .xlsx,.xlsm,.xltx,.xltm
Error in loading `[1]A-4!K41`:
openpyxl does not support  file format, please check you can open it with Excel first. Supported formats are: .xlsx,.xlsm,.xltx,.xltm
Error in loading `[1]A-4!K24`:
openpyxl does not support  file format, please check you can open it with Excel first. Supported formats are: .xlsx,.xlsm,.xltx,.xltm
Error in loading `[1]A-2(7TH)!J25`:
openpyxl does not support  file format, please check you can open it with Excel first. Supported formats are: .xlsx,.xlsm,.xltx,.xltm
Error in loading `[1]A-2(6TH)!J25`:
openpyxl does not support  file format, please check you can open it with Excel first. Supported formats are: .xlsx,.xlsm,.xltx,.xltm
Error in loading `[1]A-2(5TH)!J25`:
openpyxl does not support  file format, please check you can open it with Excel first. Supported formats are: .xlsx,.xlsm,.xltx,.xltm
Error in loading `[1]A-2(4TH)!J25`:
openpyxl does not support  file format, please check you can open it with Excel first. Supported formats are: .xlsx,.xlsm,.xltx,.xltm
Error in loading `[1]A-2(3RD)!J25`:
openpyxl does not support  file format, please check you can open it with Excel first. Supported formats are: .xlsx,.xlsm,.xltx,.xltm
Error in loading `[1]A-2(2ND)!J25`:
openpyxl does not support  file format, please check you can open it with Excel first. Supported formats are: .xlsx,.xlsm,.xltx,.xltm
Error in loading `[1]A-2(1ST)!J25`:
openpyxl does not support  file format, please check you can open it with Excel first. Supported formats are: .xlsx,.xlsm,.xltx,.xltm
Error in loading `[1]A-1!I25`:
openpyxl does not support  file format, please check you can open it with Excel first. Supported formats are: .xlsx,.xlsm,.xltx,.xltm
Error in loading `[2]DISTRIBUTIONS!A10:T449`:
openpyxl does not support  file format, please check you can open it with Excel first. Supported formats are: .xlsx,.xlsm,.xltx,.xltm
Error in loading `[2]DEC!A10:O449`:
openpyxl does not support  file format, please check you can open it with Excel first. Supported formats are: .xlsx,.xlsm,.xltx,.xltm
Error in loading `[1]DISTHIST!A10:AN448`:
openpyxl does not support  file format, please check you can open it with Excel first. Supported formats are: .xlsx,.xlsm,.xltx,.xltm
Error in loading `[1]AID436!A10:AI448`:
openpyxl does not support  file format, please check you can open it with Excel first. Supported formats are: .xlsx,.xlsm,.xltx,.xltm
Error in loading `[2]DISTRIBUTIONS!A10:T449`:
openpyxl does not support  file format, please check you can open it with Excel first. Supported formats are: .xlsx,.xlsm,.xltx,.xltm
Error in loading `[2]DEC!A10:O449`:
openpyxl does not support  file format, please check you can open it with Excel first. Supported formats are: .xlsx,.xlsm,.xltx,.xltm
Error in loading `[1]DISTHIST!A10:AN448`:
openpyxl does not support  file format, please check you can open it with Excel first. Supported formats are: .xlsx,.xlsm,.xltx,.xltm
Error in loading `[1]AID436!A10:AI448`:
openpyxl does not support  file format, please check you can open it with Excel first. Supported formats are: .xlsx,.xlsm,.xltx,.xltm
Error in loading `[2]DISTRIBUTIONS!A10:T449`:
openpyxl does not support  file format, please check you can open it with Excel first. Supported formats are: .xlsx,.xlsm,.xltx,.xltm
Error in loading `[2]DEC!A10:O449`:
openpyxl does not support  file format, please check you can open it with Excel first. Supported formats are: .xlsx,.xlsm,.xltx,.xltm
Error in loading `[1]DISTHIST!A10:AN448`:
openpyxl does not support  file format, please check you can open it with Excel first. Supported formats are: .xlsx,.xlsm,.xltx,.xltm
Error in loading `[1]AID436!A10:AI448`:
openpyxl does not support  file format, please check you can open it with Excel first. Supported formats are: .xlsx,.xlsm,.xltx,.xltm
[counterexample] budget-and-tax-rate-planning-tool::Recap Page 2.L52 certified after 0 repairs
[         prose] budget-and-tax-rate-planning-tool::Recap Page 2.L52 certified after 0 repairs
[          both] budget-and-tax-rate-planning-tool::Recap Page 2.L52 certified after 0 repairs
[counterexample] capital-targets-template::Debt.G8              certified after 1 repairs
[         prose] capital-targets-template::Debt.G8              certified after 1 repairs
[          both] capital-targets-template::Debt.G8              certified after 1 repairs
[counterexample] capital-targets-template::Debt.H8              certified after 1 repairs
[         prose] capital-targets-template::Debt.H8              certified after 1 repairs
[          both] capital-targets-template::Debt.H8              certified after 1 repairs
[counterexample] capital-targets-template::CIP.C68              certified after 0 repairs
[         prose] capital-targets-template::CIP.C68              certified after 0 repairs
[          both] capital-targets-template::CIP.C68              certified after 0 repairs

====================================================================
REPAIR SIGNAL            CERTIFIED    MEAN REPAIRS
counterexample                 4/4             0.5
prose                          4/4             0.5
both                           4/4             0.5
====================================================================
results/ablation.json written
