Error in loading `[3]LA13 BOTTOM!H28`:
openpyxl does not support  file format, please check you can open it with Excel first. Supported formats are: .xlsx,.xlsm,.xltx,.xltm
Error in loading `[3]LA-13A!E19`:
openpyxl does not support  file format, please check you can open it with Excel first. Supported formats are: .xlsx,.xlsm,.xltx,.xltm
Error in loading `[3]DE-1!J226`:
openpyxl does not support  file format, please check you can open it with Excel first. Supported formats are: .xlsx,.xlsm,.xltx,.xltm
Error in loading `[2]LA7!D32`:
openpyxl does not support  file format, please check you can open it with Excel first. Supported formats are: .xlsx,.xlsm,.xltx,.xltm
Error in loading `[1]TAX TITLE FORM!G32`:
openpyxl does not support  file format, please check you can open it with Excel first. Supported formats are: .xlsx,.xlsm,.xltx,.xltm
Error in loading `[1]START!C56`:
openpyxl does not support  file format, please check you can open it with Excel first. Supported formats are: .xlsx,.xlsm,.xltx,.xltm
Error in loading `[1]LA5 FORM!L54`:
openpyxl does not support  file format, please check you can open it with Excel first. Supported formats are: .xlsx,.xlsm,.xltx,.xltm
Error in loading `[1]LA5 FORM!L53`:
openpyxl does not support  file format, please check you can open it with Excel first. Supported formats are: .xlsx,.xlsm,.xltx,.xltm
Error in loading `[1]LA5 FORM!L52`:
openpyxl does not support  file format, please check you can open it with Excel first. Supported formats are: .xlsx,.xlsm,.xltx,.xltm
Error in loading `[1]LA5 FORM!L51`:
openpyxl does not support  file format, please check you can open it with Excel first. Supported formats are: .xlsx,.xlsm,.xltx,.xltm
Error in loading `[1]LA5 FORM!L50`:
openpyxl does not support  file format, please check you can open it with Excel first. Supported formats are: .xlsx,.xlsm,.xltx,.xltm
Error in loading `[1]CHAPTER 200!G7`:
openpyxl does not support  file format, please check you can open it with Excel first. Supported formats are: .xlsx,.xlsm,.xltx,.xltm
Error in loading `[1]CHAPTER 200!B48:E400`:
openpyxl does not support  file format, please check you can open it with Excel first. Supported formats are: .xlsx,.xlsm,.xltx,.xltm
Error in loading `[1]B-1!I42`:
openpyxl does not support  file format, please check you can open it with Excel first. Supported formats are: .xlsx,.xlsm,.xltx,.xltm
Error in loading `[1]A-4!K41`:
openpyxl does not support  file format, please check you can open it with Excel first. Supported formats are: .xlsx,.xlsm,.xltx,.xltm
Error in loading `[1]A-4!K24`:
openpyxl does not support  file format, please check you can open it with Excel first. Supported formats are: .xlsx,.xlsm,.xltx,.xltm
Error in loading `[1]A-2(7TH)!J25`:
openpyxl does not support  file format, please check you can open it with Excel first. Supported formats are: .xlsx,.xlsm,.xltx,.xltm
Error in loading `[1]A-2(6TH)!J25`:
openpyxl does not support  file format, please check you can open it with Excel first. Supported formats are: .xlsx,.xlsm,.xltx,.xltm
Error in loading `[1]A-2(5TH)!J25`:
openpyxl does not support  file format, please check you can open it with Excel first. Supported formats are: .xlsx,.xlsm,.xltx,.xltm
Error in loading `[1]A-2(4TH)!J25`:
openpyxl does not support  file format, please check you can open it with Excel first. Supported formats are: .xlsx,.xlsm,.xltx,.xltm
Error in loading `[1]A-2(3RD)!J25`:
openpyxl does not support  file format, please check you can open it with Excel first. Supported formats are: .xlsx,.xlsm,.xltx,.xltm
Error in loading `[1]A-2(2ND)!J25`:
openpyxl does not support  file format, please check you can open it with Excel first. Supported formats are: .xlsx,.xlsm,.xltx,.xltm
Error in loading `[1]A-2(1ST)!J25`:
openpyxl does not support  file format, please check you can open it with Excel first. Supported formats are: .xlsx,.xlsm,.xltx,.xltm
Error in loading `[1]A-1!I25`:
openpyxl does not support  file format, please check you can open it with Excel first. Supported formats are: .xlsx,.xlsm,.xltx,.xltm
Error in loading `[3]LA13 BOTTOM!H28`:
openpyxl does not support  file format, please check you can open it with Excel first. Supported formats are: .xlsx,.xlsm,.xltx,.xltm
Error in loading `[3]LA-13A!E19`:
openpyxl does not support  file format, please check you can open it with Excel first. Supported formats are: .xlsx,.xlsm,.xltx,.xltm
Error in loading `[3]DE-1!J226`:
openpyxl does not support  file format, please check you can open it with Excel first. Supported formats are: .xlsx,.xlsm,.xltx,.xltm
Error in loading `[2]LA7!D32`:
openpyxl does not support  file format, please check you can open it with Excel first. Supported formats are: .xlsx,.xlsm,.xltx,.xltm
Error in loading `[1]TAX TITLE FORM!G32`:
openpyxl does not support  file format, please check you can open it with Excel first. Supported formats are: .xlsx,.xlsm,.xltx,.xltm
Error in loading `[1]START!C56`:
openpyxl does not support  file format, please check you can open it with Excel first. Supported formats are: .xlsx,.xlsm,.xltx,.xltm
Error in loading `[1]LA5 FORM!L54`:
openpyxl does not support  file format, please check you can open it with Excel first. Supported formats are: .xlsx,.xlsm,.xltx,.xltm
Error in loading `[1]LA5 FORM!L53`:
openpyxl does not support  file format, please check you can open it with Excel first. Supported formats are: .xlsx,.xlsm,.xltx,.xltm
Error in loading `[1]LA5 FORM!L52`:
openpyxl does not support  file format, please check you can open it with Excel first. Supported formats are: .xlsx,.xlsm,.xltx,.xltm
Error in loading `[1]LA5 FORM!L51`:
openpyxl does not support  file format, please check you can open it with Excel first. Supported formats are: .xlsx,.xlsm,.xltx,.xltm
Error in loading `[1]LA5 FORM!L50`:
openpyxl does not support  file format, please check you can open it with Excel first. Supported formats are: .xlsx,.xlsm,.xltx,.xltm
Error in loading `[1]CHAPTER 200!G7`:
openpyxl does not support  file format, please check you can open it with Excel first. Supported formats are: .xlsx,.xlsm,.xltx,.xltm
Error in loading `[1]CHAPTER 200!B48:E400`:
openpyxl does not support  file format, please check you can open it with Excel first. Supported formats are: .xlsx,.xlsm,.xltx,.xltm
Error in loading `[1]B-1!I42`:
openpyxl does not support  file format, please check you can open it with Excel first. Supported formats are: .xlsx,.xlsm,.xltx,.xltm
Error in loading `[1]A-4!K41`:
openpyxl does not support  file format, please check you can open it with Excel first. Supported formats are: .xlsx,.xlsm,.xltx,.xltm
Error in loading `[1]A-4!K24`:
openpyxl does not support  file format, please check you can open it with Excel first. Supported formats are: .xlsx,.xlsm,.xltx,.xltm
Error in loading `[1]A-2(7TH)!J25`:
openpyxl does not support  file format, please check you can open it with Excel first. Supported formats are: .xlsx,.xlsm,.xltx,.xltm
Error in loading `[1]A-2(6TH)!J25`:
openpyxl does not support  file format, please check you can open it with Excel first. Supported formats are: .xlsx,.xlsm,.xltx,.xltm
Error in loading `[1]A-2(5TH)!J25`:
openpyxl does not support  file format, please check you can open it with Excel first. Supported formats are: .xlsx,.xlsm,.xltx,.xltm
Error in loading `[1]A-2(4TH)!J25`:
openpyxl does not support  file format, please check you can open it with Excel first. Supported formats are: .xlsx,.xlsm,.xltx,.xltm
Error in loading `[1]A-2(3RD)!J25`:
openpyxl does not support  file format, please check you can open it with Excel first. Supported formats are: .xlsx,.xlsm,.xltx,.xltm
Error in loading `[1]A-2(2ND)!J25`:
openpyxl does not support  file format, please check you can open it with Excel first. Supported formats are: .xlsx,.xlsm,.xltx,.xltm
Error in loading `[1]A-2(1ST)!J25`:
openpyxl does not support  file format, please check you can open it with Excel first. Supported formats are: .xlsx,.xlsm,.xltx,.xltm
Error in loading `[1]A-1!I25`:
openpyxl does not support  file format, please check you can open it with Excel first. Supported formats are: .xlsx,.xlsm,.xltx,.xltm
Error in loading `[3]LA13 BOTTOM!H28`:
openpyxl does not support  file format, please check you can open it with Excel first. Supported formats are: .xlsx,.xlsm,.xltx,.xltm
Error in loading `[3]LA-13A!E19`:
openpyxl does not support  file format, please check you can open it with Excel first. Supported formats are: .xlsx,.xlsm,.xltx,.xltm
Error in loading `[3]DE-1!J226`:
openpyxl does not support  file format, please check you can open it with Excel first. Supported formats are: .xlsx,.xlsm,.xltx,.xltm
Error in loading `[2]LA7!D32`:
openpyxl does not support  file format, please check you can open it with Excel first. Supported formats are: .xlsx,.xlsm,.xltx,.xltm
Error in loading `[1]TAX TITLE FORM!G32`:
openpyxl does not support  file format, please check you can open it with Excel first. Supported formats are: .xlsx,.xlsm,.xltx,.xltm
Error in loading `[1]START!C56`:
openpyxl does not support  file format, please check you can open it with Excel first. Supported formats are: .xlsx,.xlsm,.xltx,.xltm
Error in loading `[1]LA5 FORM!L54`:
openpyxl does not support  file format, please check you can open it with Excel first. Supported formats are: .xlsx,.xlsm,.xltx,.xltm
Error in loading `[1]LA5 FORM!L53`:
openpyxl does not support  file format, please check you can open it with Excel first. Supported formats are: .xlsx,.xlsm,.xltx,.xltm
Error in loading `[1]LA5 FORM!L52`:
openpyxl does not support  file format, please check you can open it with Excel first. Supported formats are: .xlsx,.xlsm,.xltx,.xltm
Error in loading `[1]LA5 FORM!L51`:
openpyxl does not support  file format, please check you can open it with Excel first. Supported formats are: .xlsx,.xlsm,.xltx,.xltm
Error in loading `[1]LA5 FORM!L50`:
openpyxl does not support  file format, please check you can open it with Excel first. Supported formats are: .xlsx,.xlsm,.xltx,.xltm
Error in loading `[1]CHAPTER 200!G7`:
openpyxl does not support  file format, please check you can open it with Excel first. Supported formats are: .xlsx,.xlsm,.xltx,.xltm
Error in loading `[1]CHAPTER 200!B48:E400`:
openpyxl does not support  file format, please check you can open it with Excel first. Supported formats are: .xlsx,.xlsm,.xltx,.xltm
Error in loading `[1]B-1!I42`:
openpyxl does not support  file format, please check you can open it with Excel first. Supported formats are: .xlsx,.xlsm,.xltx,.xltm
Error in loading `[1]A-4!K41`:
openpyxl does not support  file format, please check you can open it with Excel first. Supported formats are: .xlsx,.xlsm,.xltx,.xltm
Error in loading `[1]A-4!K24`:
openpyxl does not support  file format, please check you can open it with Excel first. Supported formats are: .xlsx,.xlsm,.xltx,.xltm
Error in loading `[1]A-2(7TH)!J25`:
openpyxl does not support  file format, please check you can open it with Excel first. Supported formats are: .xlsx,.xlsm,.xltx,.xltm
Error in loading `[1]A-2(6TH)!J25`:
openpyxl does not support  file format, please check you can open it with Excel first. Supported formats are: .xlsx,.xlsm,.xltx,.xltm
Error in loading `[1]A-2(5TH)!J25`:
openpyxl does not support  file format, please check you can open it with Excel first. Supported formats are: .xlsx,.xlsm,.xltx,.xltm
Error in loading `[1]A-2(4TH)!J25`:
openpyxl does not support  file format, please check you can open it with Excel first. Supported formats are: .xlsx,.xlsm,.xltx,.xltm
Error in loading `[1]A-2(3RD)!J25`:
openpyxl does not support  file format, please check you can open it with Excel first. Supported formats are: .xlsx,.xlsm,.xltx,.xltm
Error in loading `[1]A-2(2ND)!J25`:
openpyxl does not support  file format, please check you can open it with Excel first. Supported formats are: .xlsx,.xlsm,.xltx,.xltm
Error in loading `[1]A-2(1ST)!J25`:
openpyxl does not support  file format, please check you can open it with Excel first. Supported formats are: .xlsx,.xlsm,.xltx,.xltm
Error in loading `[1]A-1!I25`:
openpyxl does not support  file format, please check you can open it with Excel first. Supported formats are: .xlsx,.xlsm,.xltx,.xltm
Error in loading `[3]LA13 BOTTOM!H28`:
openpyxl does not support  file format, please check you can open it with Excel first. Supported formats are: .xlsx,.xlsm,.xltx,.xltm
Error in loading `[3]LA-13A!E19`:
openpyxl does not support  file format, please check you can open it with Excel first. Supported formats are: .xlsx,.xlsm,.xltx,.xltm
Error in loading `[3]DE-1!J226`:
openpyxl does not support  file format, please check you can open it with Excel first. Supported formats are: .xlsx,.xlsm,.xltx,.xltm
Error in loading `[2]LA7!D32`:
openpyxl does not support  file format, please check you can open it with Excel first. Supported formats are: .xlsx,.xlsm,.xltx,.xltm
Error in loading `[1]TAX TITLE FORM!G32`:
openpyxl does not support  file format, please check you can open it with Excel first. Supported formats are: .xlsx,.xlsm,.xltx,.xltm
Error in loading `[1]START!C56`:
openpyxl does not support  file format, please check you can open it with Excel first. Supported formats are: .xlsx,.xlsm,.xltx,.xltm
Error in loading `[1]LA5 FORM!L54`:
openpyxl does not support  file format, please check you can open it with Excel first. Supported formats are: .xlsx,.xlsm,.xltx,.xltm
Error in loading `[1]LA5 FORM!L53`:
openpyxl does not support  file format, please check you can open it with Excel first. Supported formats are: .xlsx,.xlsm,.xltx,.xltm
Error in loading `[1]LA5 FORM!L52`:
openpyxl does not support  file format, please check you can open it with Excel first. Supported formats are: .xlsx,.xlsm,.xltx,.xltm
Error in loading `[1]LA5 FORM!L51`:
openpyxl does not support  file format, please check you can open it with Excel first. Supported formats are: .xlsx,.xlsm,.xltx,.xltm
Error in loading `[1]LA5 FORM!L50`:
openpyxl does not support  file format, please check you can open it with Excel first. Supported formats are: .xlsx,.xlsm,.xltx,.xltm
Error in loading `[1]CHAPTER 200!G7`:
openpyxl does not support  file format, please check you can open it with Excel first. Supported formats are: .xlsx,.xlsm,.xltx,.xltm
Error in loading `[1]CHAPTER 200!B48:E400`:
openpyxl does not support  file format, please check you can open it with Excel first. Supported formats are: .xlsx,.xlsm,.xltx,.xltm
Error in loading `[1]B-1!I42`:
openpyxl does not support  file format, please check you can open it with Excel first. Supported formats are: .xlsx,.xlsm,.xltx,.xltm
Error in loading `[1]A-4!K41`:
openpyxl does not support  file format, please check you can open it with Excel first. Supported formats are: .xlsx,.xlsm,.xltx,.xltm
Error in loading `[1]A-4!K24`:
openpyxl does not support  file format, please check you can open it with Excel first. Supported formats are: .xlsx,.xlsm,.xltx,.xltm
Error in loading `[1]A-2(7TH)!J25`:
openpyxl does not support  file format, please check you can open it with Excel first. Supported formats are: .xlsx,.xlsm,.xltx,.xltm
Error in loading `[1]A-2(6TH)!J25`:
openpyxl does not support  file format, please check you can open it with Excel first. Supported formats are: .xlsx,.xlsm,.xltx,.xltm
Error in loading `[1]A-2(5TH)!J25`:
openpyxl does not support  file format, please check you can open it with Excel first. Supported formats are: .xlsx,.xlsm,.xltx,.xltm
Error in loading `[1]A-2(4TH)!J25`:
openpyxl does not support  file format, please check you can open it with Excel first. Supported formats are: .xlsx,.xlsm,.xltx,.xltm
Error in loading `[1]A-2(3RD)!J25`:
openpyxl does not support  file format, please check you can open it with Excel first. Supported formats are: .xlsx,.xlsm,.xltx,.xltm
Error in loading `[1]A-2(2ND)!J25`:
openpyxl does not support  file format, please check you can open it with Excel first. Supported formats are: .xlsx,.xlsm,.xltx,.xltm
Error in loading `[1]A-2(1ST)!J25`:
openpyxl does not support  file format, please check you can open it with Excel first. Supported formats are: .xlsx,.xlsm,.xltx,.xltm
Error in loading `[1]A-1!I25`:
openpyxl does not support  file format, please check you can open it with Excel first. Supported formats are: .xlsx,.xlsm,.xltx,.xltm
Error in loading `[2]DISTRIBUTIONS!A10:T449`:
openpyxl does not support  file format, please check you can open it with Excel first. Supported formats are: .xlsx,.xlsm,.xltx,.xltm
Error in loading `[2]DEC!A10:O449`:
openpyxl does not support  file format, please check you can open it with Excel first. Supported formats are: .xlsx,.xlsm,.xltx,.xltm
Error in loading `[1]DISTHIST!A10:AN448`:
openpyxl does not support  file format, please check you can open it with Excel first. Supported formats are: .xlsx,.xlsm,.xltx,.xltm
Error in loading `[1]AID436!A10:AI448`:
openpyxl does not support  file format, please check you can open it with Excel first. Supported formats are: .xlsx,.xlsm,.xltx,.xltm
Error in loading `'file:/[Z:\Group\Budget\FY2015\02.%20Budget%20Overview\aaghistorical%20-%20Copy.xlsx]RESERVES'!B2:W354`:
[Errno 2] No such file or directory: '/Users/tkaushal99gmail.com/hackathon/witness/corpus/file:/Z:/Group/Budget/FY2015/02.%20Budget%20Overview/aaghistorical%20-%20Copy.xlsx'
Error in loading `'file:/[Z:\Group\Budget\FY2015\02.%20Budget%20Overview\aaghistorical%20-%20Copy.xlsx]ASSESSED VALUES'!A1`:
[Errno 2] No such file or directory: '/Users/tkaushal99gmail.com/hackathon/witness/corpus/file:/Z:/Group/Budget/FY2015/02.%20Budget%20Overview/aaghistorical%20-%20Copy.xlsx'
Error in loading `[2]DISTRIBUTIONS!A10:T449`:
openpyxl does not support  file format, please check you can open it with Excel first. Supported formats are: .xlsx,.xlsm,.xltx,.xltm
Error in loading `[2]DEC!A10:O449`:
openpyxl does not support  file format, please check you can open it with Excel first. Supported formats are: .xlsx,.xlsm,.xltx,.xltm
Error in loading `[1]DISTHIST!A10:AN448`:
openpyxl does not support  file format, please check you can open it with Excel first. Supported formats are: .xlsx,.xlsm,.xltx,.xltm
Error in loading `[1]AID436!A10:AI448`:
openpyxl does not support  file format, please check you can open it with Excel first. Supported formats are: .xlsx,.xlsm,.xltx,.xltm
Error in loading `'file:/[Z:\Group\Budget\FY2015\02.%20Budget%20Overview\aaghistorical%20-%20Copy.xlsx]RESERVES'!B2:W354`:
[Errno 2] No such file or directory: '/Users/tkaushal99gmail.com/hackathon/witness/corpus/file:/Z:/Group/Budget/FY2015/02.%20Budget%20Overview/aaghistorical%20-%20Copy.xlsx'
Error in loading `'file:/[Z:\Group\Budget\FY2015\02.%20Budget%20Overview\aaghistorical%20-%20Copy.xlsx]ASSESSED VALUES'!A1`:
[Errno 2] No such file or directory: '/Users/tkaushal99gmail.com/hackathon/witness/corpus/file:/Z:/Group/Budget/FY2015/02.%20Budget%20Overview/aaghistorical%20-%20Copy.xlsx'
Error in loading `[2]DISTRIBUTIONS!A10:T449`:
openpyxl does not support  file format, please check you can open it with Excel first. Supported formats are: .xlsx,.xlsm,.xltx,.xltm
Error in loading `[2]DEC!A10:O449`:
openpyxl does not support  file format, please check you can open it with Excel first. Supported formats are: .xlsx,.xlsm,.xltx,.xltm
Error in loading `[1]DISTHIST!A10:AN448`:
openpyxl does not support  file format, please check you can open it with Excel first. Supported formats are: .xlsx,.xlsm,.xltx,.xltm
Error in loading `[1]AID436!A10:AI448`:
openpyxl does not support  file format, please check you can open it with Excel first. Supported formats are: .xlsx,.xlsm,.xltx,.xltm
Error in loading `'file:/[Z:\Group\Budget\FY2015\02.%20Budget%20Overview\aaghistorical%20-%20Copy.xlsx]RESERVES'!B2:W354`:
[Errno 2] No such file or directory: '/Users/tkaushal99gmail.com/hackathon/witness/corpus/file:/Z:/Group/Budget/FY2015/02.%20Budget%20Overview/aaghistorical%20-%20Copy.xlsx'
Error in loading `'file:/[Z:\Group\Budget\FY2015\02.%20Budget%20Overview\aaghistorical%20-%20Copy.xlsx]ASSESSED VALUES'!A1`:
[Errno 2] No such file or directory: '/Users/tkaushal99gmail.com/hackathon/witness/corpus/file:/Z:/Group/Budget/FY2015/02.%20Budget%20Overview/aaghistorical%20-%20Copy.xlsx'
Error in loading `[2]DISTRIBUTIONS!A10:T449`:
openpyxl does not support  file format, please check you can open it with Excel first. Supported formats are: .xlsx,.xlsm,.xltx,.xltm
Error in loading `[2]DEC!A10:O449`:
openpyxl does not support  file format, please check you can open it with Excel first. Supported formats are: .xlsx,.xlsm,.xltx,.xltm
Error in loading `[1]DISTHIST!A10:AN448`:
openpyxl does not support  file format, please check you can open it with Excel first. Supported formats are: .xlsx,.xlsm,.xltx,.xltm
Error in loading `[1]AID436!A10:AI448`:
openpyxl does not support  file format, please check you can open it with Excel first. Supported formats are: .xlsx,.xlsm,.xltx,.xltm
Error in loading `[2]DISTRIBUTIONS!A10:T449`:
openpyxl does not support  file format, please check you can open it with Excel first. Supported formats are: .xlsx,.xlsm,.xltx,.xltm
Error in loading `[2]DEC!A10:O449`:
openpyxl does not support  file format, please check you can open it with Excel first. Supported formats are: .xlsx,.xlsm,.xltx,.xltm
Error in loading `[1]DISTHIST!A10:AN448`:
openpyxl does not support  file format, please check you can open it with Excel first. Supported formats are: .xlsx,.xlsm,.xltx,.xltm
Error in loading `[1]AID436!A10:AI448`:
openpyxl does not support  file format, please check you can open it with Excel first. Supported formats are: .xlsx,.xlsm,.xltx,.xltm
Error in loading `[2]DISTRIBUTIONS!A10:T449`:
openpyxl does not support  file format, please check you can open it with Excel first. Supported formats are: .xlsx,.xlsm,.xltx,.xltm
Error in loading `[2]DEC!A10:O449`:
openpyxl does not support  file format, please check you can open it with Excel first. Supported formats are: .xlsx,.xlsm,.xltx,.xltm
Error in loading `[1]DISTHIST!A10:AN448`:
openpyxl does not support  file format, please check you can open it with Excel first. Supported formats are: .xlsx,.xlsm,.xltx,.xltm
Error in loading `[1]AID436!A10:AI448`:
openpyxl does not support  file format, please check you can open it with Excel first. Supported formats are: .xlsx,.xlsm,.xltx,.xltm
Error in loading `[2]DISTRIBUTIONS!A10:T449`:
openpyxl does not support  file format, please check you can open it with Excel first. Supported formats are: .xlsx,.xlsm,.xltx,.xltm
Error in loading `[2]DEC!A10:O449`:
openpyxl does not support  file format, please check you can open it with Excel first. Supported formats are: .xlsx,.xlsm,.xltx,.xltm
Error in loading `[1]DISTHIST!A10:AN448`:
openpyxl does not support  file format, please check you can open it with Excel first. Supported formats are: .xlsx,.xlsm,.xltx,.xltm
Error in loading `[1]AID436!A10:AI448`:
openpyxl does not support  file format, please check you can open it with Excel first. Supported formats are: .xlsx,.xlsm,.xltx,.xltm
Error in loading `[2]DISTRIBUTIONS!A10:T449`:
openpyxl does not support  file format, please check you can open it with Excel first. Supported formats are: .xlsx,.xlsm,.xltx,.xltm
Error in loading `[2]DEC!A10:O449`:
openpyxl does not support  file format, please check you can open it with Excel first. Supported formats are: .xlsx,.xlsm,.xltx,.xltm
Error in loading `[1]DISTHIST!A10:AN448`:
openpyxl does not support  file format, please check you can open it with Excel first. Supported formats are: .xlsx,.xlsm,.xltx,.xltm
Error in loading `[1]AID436!A10:AI448`:
openpyxl does not support  file format, please check you can open it with Excel first. Supported formats are: .xlsx,.xlsm,.xltx,.xltm
Error in loading `[2]DISTRIBUTIONS!A10:T449`:
openpyxl does not support  file format, please check you can open it with Excel first. Supported formats are: .xlsx,.xlsm,.xltx,.xltm
Error in loading `[2]DEC!A10:O449`:
openpyxl does not support  file format, please check you can open it with Excel first. Supported formats are: .xlsx,.xlsm,.xltx,.xltm
Error in loading `[1]DISTHIST!A10:AN448`:
openpyxl does not support  file format, please check you can open it with Excel first. Supported formats are: .xlsx,.xlsm,.xltx,.xltm
Error in loading `[1]AID436!A10:AI448`:
openpyxl does not support  file format, please check you can open it with Excel first. Supported formats are: .xlsx,.xlsm,.xltx,.xltm
Error in loading `[9]TOWNWIDE CONTRIBUTIONS!A10:AA361`:
openpyxl does not support  file format, please check you can open it with Excel first. Supported formats are: .xlsx,.xlsm,.xltx,.xltm
Error in loading `[7]REGIONALS!A10:J470`:
openpyxl does not support  file format, please check you can open it with Excel first. Supported formats are: .xlsx,.xlsm,.xltx,.xltm
Error in loading `[6]LOCALCONT!A10:Y1765`:
openpyxl does not support  file format, please check you can open it with Excel first. Supported formats are: .xlsx,.xlsm,.xltx,.xltm
Error in loading `[4]DISTRIBUTIONS!A10:T449`:
openpyxl does not support  file format, please check you can open it with Excel first. Supported formats are: .xlsx,.xlsm,.xltx,.xltm
Error in loading `[4]DEC!A10:O449`:
openpyxl does not support  file format, please check you can open it with Excel first. Supported formats are: .xlsx,.xlsm,.xltx,.xltm
Error in loading `[2]DISTHIST!A10:AN448`:
openpyxl does not support  file format, please check you can open it with Excel first. Supported formats are: .xlsx,.xlsm,.xltx,.xltm
Error in loading `[2]AID436!A10:AI448`:
openpyxl does not support  file format, please check you can open it with Excel first. Supported formats are: .xlsx,.xlsm,.xltx,.xltm
Error in loading `[9]TOWNWIDE CONTRIBUTIONS!A10:AA361`:
openpyxl does not support  file format, please check you can open it with Excel first. Supported formats are: .xlsx,.xlsm,.xltx,.xltm
Error in loading `[7]REGIONALS!A10:J470`:
openpyxl does not support  file format, please check you can open it with Excel first. Supported formats are: .xlsx,.xlsm,.xltx,.xltm
Error in loading `[6]LOCALCONT!A10:Y1765`:
openpyxl does not support  file format, please check you can open it with Excel first. Supported formats are: .xlsx,.xlsm,.xltx,.xltm
Error in loading `[4]DISTRIBUTIONS!A10:T449`:
openpyxl does not support  file format, please check you can open it with Excel first. Supported formats are: .xlsx,.xlsm,.xltx,.xltm
Error in loading `[4]DEC!A10:O449`:
openpyxl does not support  file format, please check you can open it with Excel first. Supported formats are: .xlsx,.xlsm,.xltx,.xltm
Error in loading `[2]DISTHIST!A10:AN448`:
openpyxl does not support  file format, please check you can open it with Excel first. Supported formats are: .xlsx,.xlsm,.xltx,.xltm
Error in loading `[2]AID436!A10:AI448`:
openpyxl does not support  file format, please check you can open it with Excel first. Supported formats are: .xlsx,.xlsm,.xltx,.xltm
Error in loading `[9]TOWNWIDE CONTRIBUTIONS!A10:AA361`:
openpyxl does not support  file format, please check you can open it with Excel first. Supported formats are: .xlsx,.xlsm,.xltx,.xltm
Error in loading `[7]REGIONALS!A10:J470`:
openpyxl does not support  file format, please check you can open it with Excel first. Supported formats are: .xlsx,.xlsm,.xltx,.xltm
Error in loading `[6]LOCALCONT!A10:Y1765`:
openpyxl does not support  file format, please check you can open it with Excel first. Supported formats are: .xlsx,.xlsm,.xltx,.xltm
Error in loading `[4]DISTRIBUTIONS!A10:T449`:
openpyxl does not support  file format, please check you can open it with Excel first. Supported formats are: .xlsx,.xlsm,.xltx,.xltm
Error in loading `[4]DEC!A10:O449`:
openpyxl does not support  file format, please check you can open it with Excel first. Supported formats are: .xlsx,.xlsm,.xltx,.xltm
Error in loading `[2]DISTHIST!A10:AN448`:
openpyxl does not support  file format, please check you can open it with Excel first. Supported formats are: .xlsx,.xlsm,.xltx,.xltm
Error in loading `[2]AID436!A10:AI448`:
openpyxl does not support  file format, please check you can open it with Excel first. Supported formats are: .xlsx,.xlsm,.xltx,.xltm
Error in loading `[9]TOWNWIDE CONTRIBUTIONS!A10:AA361`:
openpyxl does not support  file format, please check you can open it with Excel first. Supported formats are: .xlsx,.xlsm,.xltx,.xltm
Error in loading `[7]REGIONALS!A10:J470`:
openpyxl does not support  file format, please check you can open it with Excel first. Supported formats are: .xlsx,.xlsm,.xltx,.xltm
Error in loading `[6]LOCALCONT!A10:Y1765`:
openpyxl does not support  file format, please check you can open it with Excel first. Supported formats are: .xlsx,.xlsm,.xltx,.xltm
Error in loading `[4]DISTRIBUTIONS!A10:T449`:
openpyxl does not support  file format, please check you can open it with Excel first. Supported formats are: .xlsx,.xlsm,.xltx,.xltm
Error in loading `[4]DEC!A10:O449`:
openpyxl does not support  file format, please check you can open it with Excel first. Supported formats are: .xlsx,.xlsm,.xltx,.xltm
Error in loading `[2]DISTHIST!A10:AN448`:
openpyxl does not support  file format, please check you can open it with Excel first. Supported formats are: .xlsx,.xlsm,.xltx,.xltm
Error in loading `[2]AID436!A10:AI448`:
openpyxl does not support  file format, please check you can open it with Excel first. Supported formats are: .xlsx,.xlsm,.xltx,.xltm
Error in loading `[9]TOWNWIDE CONTRIBUTIONS!A10:AA361`:
openpyxl does not support  file format, please check you can open it with Excel first. Supported formats are: .xlsx,.xlsm,.xltx,.xltm
Error in loading `[7]REGIONALS!A10:J470`:
openpyxl does not support  file format, please check you can open it with Excel first. Supported formats are: .xlsx,.xlsm,.xltx,.xltm
Error in loading `[6]LOCALCONT!A10:Y1765`:
openpyxl does not support  file format, please check you can open it with Excel first. Supported formats are: .xlsx,.xlsm,.xltx,.xltm
Error in loading `[4]DISTRIBUTIONS!A10:T449`:
openpyxl does not support  file format, please check you can open it with Excel first. Supported formats are: .xlsx,.xlsm,.xltx,.xltm
Error in loading `[4]DEC!A10:O449`:
openpyxl does not support  file format, please check you can open it with Excel first. Supported formats are: .xlsx,.xlsm,.xltx,.xltm
Error in loading `[2]DISTHIST!A10:AN448`:
openpyxl does not support  file format, please check you can open it with Excel first. Supported formats are: .xlsx,.xlsm,.xltx,.xltm
Error in loading `[2]AID436!A10:AI448`:
openpyxl does not support  file format, please check you can open it with Excel first. Supported formats are: .xlsx,.xlsm,.xltx,.xltm
Error in loading `[9]TOWNWIDE CONTRIBUTIONS!A10:AA361`:
openpyxl does not support  file format, please check you can open it with Excel first. Supported formats are: .xlsx,.xlsm,.xltx,.xltm
Error in loading `[7]REGIONALS!A10:J470`:
openpyxl does not support  file format, please check you can open it with Excel first. Supported formats are: .xlsx,.xlsm,.xltx,.xltm
Error in loading `[6]LOCALCONT!A10:Y1765`:
openpyxl does not support  file format, please check you can open it with Excel first. Supported formats are: .xlsx,.xlsm,.xltx,.xltm
Error in loading `[4]DISTRIBUTIONS!A10:T449`:
openpyxl does not support  file format, please check you can open it with Excel first. Supported formats are: .xlsx,.xlsm,.xltx,.xltm
Error in loading `[4]DEC!A10:O449`:
openpyxl does not support  file format, please check you can open it with Excel first. Supported formats are: .xlsx,.xlsm,.xltx,.xltm
Error in loading `[2]DISTHIST!A10:AN448`:
openpyxl does not support  file format, please check you can open it with Excel first. Supported formats are: .xlsx,.xlsm,.xltx,.xltm
Error in loading `[2]AID436!A10:AI448`:
openpyxl does not support  file format, please check you can open it with Excel first. Supported formats are: .xlsx,.xlsm,.xltx,.xltm
Error in loading `[9]TOWNWIDE CONTRIBUTIONS!A10:AA361`:
openpyxl does not support  file format, please check you can open it with Excel first. Supported formats are: .xlsx,.xlsm,.xltx,.xltm
Error in loading `[7]REGIONALS!A10:J470`:
openpyxl does not support  file format, please check you can open it with Excel first. Supported formats are: .xlsx,.xlsm,.xltx,.xltm
Error in loading `[6]LOCALCONT!A10:Y1765`:
openpyxl does not support  file format, please check you can open it with Excel first. Supported formats are: .xlsx,.xlsm,.xltx,.xltm
Error in loading `[4]DISTRIBUTIONS!A10:T449`:
openpyxl does not support  file format, please check you can open it with Excel first. Supported formats are: .xlsx,.xlsm,.xltx,.xltm
Error in loading `[4]DEC!A10:O449`:
openpyxl does not support  file format, please check you can open it with Excel first. Supported formats are: .xlsx,.xlsm,.xltx,.xltm
Error in loading `[2]DISTHIST!A10:AN448`:
openpyxl does not support  file format, please check you can open it with Excel first. Supported formats are: .xlsx,.xlsm,.xltx,.xltm
Error in loading `[2]AID436!A10:AI448`:
openpyxl does not support  file format, please check you can open it with Excel first. Supported formats are: .xlsx,.xlsm,.xltx,.xltm
Error in loading `[9]TOWNWIDE CONTRIBUTIONS!A10:AA361`:
openpyxl does not support  file format, please check you can open it with Excel first. Supported formats are: .xlsx,.xlsm,.xltx,.xltm
Error in loading `[7]REGIONALS!A10:J470`:
openpyxl does not support  file format, please check you can open it with Excel first. Supported formats are: .xlsx,.xlsm,.xltx,.xltm
Error in loading `[6]LOCALCONT!A10:Y1765`:
openpyxl does not support  file format, please check you can open it with Excel first. Supported formats are: .xlsx,.xlsm,.xltx,.xltm
Error in loading `[4]DISTRIBUTIONS!A10:T449`:
openpyxl does not support  file format, please check you can open it with Excel first. Supported formats are: .xlsx,.xlsm,.xltx,.xltm
Error in loading `[4]DEC!A10:O449`:
openpyxl does not support  file format, please check you can open it with Excel first. Supported formats are: .xlsx,.xlsm,.xltx,.xltm
Error in loading `[2]DISTHIST!A10:AN448`:
openpyxl does not support  file format, please check you can open it with Excel first. Supported formats are: .xlsx,.xlsm,.xltx,.xltm
Error in loading `[2]AID436!A10:AI448`:
openpyxl does not support  file format, please check you can open it with Excel first. Supported formats are: .xlsx,.xlsm,.xltx,.xltm
Error in loading `[9]TOWNWIDE CONTRIBUTIONS!A10:AA361`:
openpyxl does not support  file format, please check you can open it with Excel first. Supported formats are: .xlsx,.xlsm,.xltx,.xltm
Error in loading `[7]REGIONALS!A10:J470`:
openpyxl does not support  file format, please check you can open it with Excel first. Supported formats are: .xlsx,.xlsm,.xltx,.xltm
Error in loading `[6]LOCALCONT!A10:Y1765`:
openpyxl does not support  file format, please check you can open it with Excel first. Supported formats are: .xlsx,.xlsm,.xltx,.xltm
Error in loading `[4]DISTRIBUTIONS!A10:T449`:
openpyxl does not support  file format, please check you can open it with Excel first. Supported formats are: .xlsx,.xlsm,.xltx,.xltm
Error in loading `[4]DEC!A10:O449`:
openpyxl does not support  file format, please check you can open it with Excel first. Supported formats are: .xlsx,.xlsm,.xltx,.xltm
Error in loading `[2]DISTHIST!A10:AN448`:
openpyxl does not support  file format, please check you can open it with Excel first. Supported formats are: .xlsx,.xlsm,.xltx,.xltm
Error in loading `[2]AID436!A10:AI448`:
openpyxl does not support  file format, please check you can open it with Excel first. Supported formats are: .xlsx,.xlsm,.xltx,.xltm
Error in loading `[9]TOWNWIDE CONTRIBUTIONS!A10:AA361`:
openpyxl does not support  file format, please check you can open it with Excel first. Supported formats are: .xlsx,.xlsm,.xltx,.xltm
Error in loading `[7]REGIONALS!A10:J470`:
openpyxl does not support  file format, please check you can open it with Excel first. Supported formats are: .xlsx,.xlsm,.xltx,.xltm
Error in loading `[6]LOCALCONT!A10:Y1765`:
openpyxl does not support  file format, please check you can open it with Excel first. Supported formats are: .xlsx,.xlsm,.xltx,.xltm
Error in loading `[4]DISTRIBUTIONS!A10:T449`:
openpyxl does not support  file format, please check you can open it with Excel first. Supported formats are: .xlsx,.xlsm,.xltx,.xltm
Error in loading `[4]DEC!A10:O449`:
openpyxl does not support  file format, please check you can open it with Excel first. Supported formats are: .xlsx,.xlsm,.xltx,.xltm
Error in loading `[2]DISTHIST!A10:AN448`:
openpyxl does not support  file format, please check you can open it with Excel first. Supported formats are: .xlsx,.xlsm,.xltx,.xltm
Error in loading `[2]AID436!A10:AI448`:
openpyxl does not support  file format, please check you can open it with Excel first. Supported formats are: .xlsx,.xlsm,.xltx,.xltm
Error in loading `[9]TOWNWIDE CONTRIBUTIONS!A10:AA361`:
openpyxl does not support  file format, please check you can open it with Excel first. Supported formats are: .xlsx,.xlsm,.xltx,.xltm
Error in loading `[7]REGIONALS!A10:J470`:
openpyxl does not support  file format, please check you can open it with Excel first. Supported formats are: .xlsx,.xlsm,.xltx,.xltm
Error in loading `[6]LOCALCONT!A10:Y1765`:
openpyxl does not support  file format, please check you can open it with Excel first. Supported formats are: .xlsx,.xlsm,.xltx,.xltm
Error in loading `[4]DISTRIBUTIONS!A10:T449`:
openpyxl does not support  file format, please check you can open it with Excel first. Supported formats are: .xlsx,.xlsm,.xltx,.xltm
Error in loading `[4]DEC!A10:O449`:
openpyxl does not support  file format, please check you can open it with Excel first. Supported formats are: .xlsx,.xlsm,.xltx,.xltm
Error in loading `[2]DISTHIST!A10:AN448`:
openpyxl does not support  file format, please check you can open it with Excel first. Supported formats are: .xlsx,.xlsm,.xltx,.xltm
Error in loading `[2]AID436!A10:AI448`:
openpyxl does not support  file format, please check you can open it with Excel first. Supported formats are: .xlsx,.xlsm,.xltx,.xltm
Error in loading `[9]TOWNWIDE CONTRIBUTIONS!A10:AA361`:
openpyxl does not support  file format, please check you can open it with Excel first. Supported formats are: .xlsx,.xlsm,.xltx,.xltm
Error in loading `[7]REGIONALS!A10:J470`:
openpyxl does not support  file format, please check you can open it with Excel first. Supported formats are: .xlsx,.xlsm,.xltx,.xltm
Error in loading `[6]LOCALCONT!A10:Y1765`:
openpyxl does not support  file format, please check you can open it with Excel first. Supported formats are: .xlsx,.xlsm,.xltx,.xltm
Error in loading `[4]DISTRIBUTIONS!A10:T449`:
openpyxl does not support  file format, please check you can open it with Excel first. Supported formats are: .xlsx,.xlsm,.xltx,.xltm
Error in loading `[4]DEC!A10:O449`:
openpyxl does not support  file format, please check you can open it with Excel first. Supported formats are: .xlsx,.xlsm,.xltx,.xltm
Error in loading `[2]DISTHIST!A10:AN448`:
openpyxl does not support  file format, please check you can open it with Excel first. Supported formats are: .xlsx,.xlsm,.xltx,.xltm
Error in loading `[2]AID436!A10:AI448`:
openpyxl does not support  file format, please check you can open it with Excel first. Supported formats are: .xlsx,.xlsm,.xltx,.xltm
[cov] appropriation-template::Annual.D31                 cells   100% (4/4)  branches   n/a
[cov] appropriation-template::Annual.E31                 cells   100% (4/4)  branches   n/a
[cov] appropriation-template::Annual.F31                 cells   100% (4/4)  branches   n/a
[cov] appropriation-template::Annual.H31                 cells   100% (4/4)  branches   n/a
[cov] appropriation-template::Annual.I31                 cells   100% (4/4)  branches   n/a
[cov] appropriation-template::Impact.C33                 cells   100% (4/4)  branches   n/a
[cov] budget-and-tax-rate-planning-tool::Recap Page 2.L5 cells    50% (4/8)  branches   n/a
[cov] budget-and-tax-rate-planning-tool::Levy Limit.E31  cells    60% (3/5)  branches  100%
[cov] budget-and-tax-rate-planning-tool::Recap Page 2.L2 cells    67% (2/3)  branches   n/a
[cov] budget-and-tax-rate-planning-tool::Levy Limit.E19  cells   100% (3/3)  branches  100%
[cov] capital-planning-and-budgeting-workbook::Financial cells   100% (5/5)  branches   n/a
[cov] capital-planning-and-budgeting-workbook::Financial cells   100% (5/5)  branches   n/a
[cov] capital-planning-and-budgeting-workbook::Financial cells   100% (5/5)  branches   n/a
[cov] capital-targets-template::Amortization.B48         cells   100% (35/35)  branches   n/a
[cov] capital-targets-template::Amortization.A48         cells   100% (26/26)  branches   n/a
[cov] capital-targets-template::Debt.G8                  cells    56% (9/16)  branches   n/a
[cov] capital-targets-template::Debt.H8                  cells    56% (9/16)  branches   n/a
[cov] capital-targets-template::Debt.I8                  cells    64% (9/14)  branches   n/a
[cov] capital-targets-template::Debt.J8                  cells    64% (9/14)  branches   n/a
[cov] financial-forecasting-template-10-year::COLA.J122  cells    91% (30/33)  branches   n/a
[cov] financial-forecasting-template-10-year::Fiscal Yea cells   100% (25/25)  branches   n/a
[cov] financial-forecasting-template-10-year::Fiscal Yea cells   100% (25/25)  branches   n/a
[cov] financial-forecasting-template-10-year::Available  cells   100% (18/18)  branches   n/a
[cov] financial-forecasting-template-10-year::Available  cells   100% (18/18)  branches   n/a
[cov] financial-forecasting-template-10-year::Available  cells   100% (17/17)  branches   n/a
[cov] financial-forecasting-template-5-year::COLA.J122   cells    88% (22/25)  branches   n/a
[cov] financial-forecasting-template-5-year::CPF.Q20     cells   100% (16/16)  branches  100%
[cov] financial-forecasting-template-5-year::Available F cells   100% (12/12)  branches   n/a
[cov] financial-forecasting-template-5-year::Available F cells   100% (12/12)  branches   n/a
[cov] financial-forecasting-template-5-year::Available F cells   100% (11/11)  branches   n/a
[cov] financial-forecasting-template-5-year::Available F cells   100% (11/11)  branches   n/a
[cov] financial-indicators-template-0::6 - Operating Exp cells    83% (5/6)  branches   n/a
[cov] financial-indicators-template-0::6 - Operating Exp cells   100% (5/5)  branches   n/a
[cov] financial-indicators-template-0::6 - Operating Exp cells   100% (5/5)  branches   n/a
[cov] financial-indicators-template-0::6 - Operating Exp cells   100% (5/5)  branches   n/a
[cov] financial-indicators-template-0::6 - Operating Exp cells   100% (5/5)  branches   n/a
[cov] financial-indicators-template-0::10 - Debt Service cells   100% (5/5)  branches   n/a

mean cell coverage: 91.4%
mean branch coverage: 100.0%  (3 cases with branches)
results/coverage.json written
