[6/7 killed, 0/5 false alarms] appropriation-template::Annual.D31   missed: date_serial_off_by_one
[6/7 killed, 0/5 false alarms] appropriation-template::Annual.E31   missed: date_serial_off_by_one
[6/7 killed, 0/5 false alarms] appropriation-template::Annual.F31   missed: date_serial_off_by_one
[6/7 killed, 0/5 false alarms] appropriation-template::Annual.H31   missed: date_serial_off_by_one
[6/7 killed, 0/5 false alarms] appropriation-template::Annual.I31   missed: date_serial_off_by_one
[7/7 killed, 0/5 false alarms] appropriation-template::Impact.C33
Error in loading `[3]LA13 BOTTOM!H28`:
openpyxl does not support  file format, please check you can open it with Excel first. Supported formats are: .xlsx,.xlsm,.xltx,.xltm
Error in loading `[3]LA-13A!E19`:
openpyxl does not support  file format, please check you can open it with Excel first. Supported formats are: .xlsx,.xlsm,.xltx,.xltm
Error in loading `[3]DE-1!J226`:
openpyxl does not support  file format, please check you can open it with Excel first. Supported formats are: .xlsx,.xlsm,.xltx,.xltm
Error in loading `[2]LA7!D32`:
openpyxl does not support  file format, please check you can open it with Excel first. Supported formats are: .xlsx,.xlsm,.xltx,.xltm
Error in loading `[1]TAX TITLE FORM!G32`:
openpyxl does not support  file format, please check you can open it with Excel first. Supported formats are: .xlsx,.xlsm,.xltx,.xltm
Error in loading `[1]START!C56`:
openpyxl does not support  file format, please check you can open it with Excel first. Supported formats are: .xlsx,.xlsm,.xltx,.xltm
Error in loading `[1]LA5 FORM!L54`:
openpyxl does not support  file format, please check you can open it with Excel first. Supported formats are: .xlsx,.xlsm,.xltx,.xltm
Error in loading `[1]LA5 FORM!L53`:
openpyxl does not support  file format, please check you can open it with Excel first. Supported formats are: .xlsx,.xlsm,.xltx,.xltm
Error in loading `[1]LA5 FORM!L52`:
openpyxl does not support  file format, please check you can open it with Excel first. Supported formats are: .xlsx,.xlsm,.xltx,.xltm
Error in loading `[1]LA5 FORM!L51`:
openpyxl does not support  file format, please check you can open it with Excel first. Supported formats are: .xlsx,.xlsm,.xltx,.xltm
Error in loading `[1]LA5 FORM!L50`:
openpyxl does not support  file format, please check you can open it with Excel first. Supported formats are: .xlsx,.xlsm,.xltx,.xltm
Error in loading `[1]CHAPTER 200!G7`:
openpyxl does not support  file format, please check you can open it with Excel first. Supported formats are: .xlsx,.xlsm,.xltx,.xltm
Error in loading `[1]CHAPTER 200!B48:E400`:
openpyxl does not support  file format, please check you can open it with Excel first. Supported formats are: .xlsx,.xlsm,.xltx,.xltm
Error in loading `[1]B-1!I42`:
openpyxl does not support  file format, please check you can open it with Excel first. Supported formats are: .xlsx,.xlsm,.xltx,.xltm
Error in loading `[1]A-4!K41`:
openpyxl does not support  file format, please check you can open it with Excel first. Supported formats are: .xlsx,.xlsm,.xltx,.xltm
Error in loading `[1]A-4!K24`:
openpyxl does not support  file format, please check you can open it with Excel first. Supported formats are: .xlsx,.xlsm,.xltx,.xltm
Error in loading `[1]A-2(7TH)!J25`:
openpyxl does not support  file format, please check you can open it with Excel first. Supported formats are: .xlsx,.xlsm,.xltx,.xltm
Error in loading `[1]A-2(6TH)!J25`:
openpyxl does not support  file format, please check you can open it with Excel first. Supported formats are: .xlsx,.xlsm,.xltx,.xltm
Error in loading `[1]A-2(5TH)!J25`:
openpyxl does not support  file format, please check you can open it with Excel first. Supported formats are: .xlsx,.xlsm,.xltx,.xltm
Error in loading `[1]A-2(4TH)!J25`:
openpyxl does not support  file format, please check you can open it with Excel first. Supported formats are: .xlsx,.xlsm,.xltx,.xltm
Error in loading `[1]A-2(3RD)!J25`:
openpyxl does not support  file format, please check you can open it with Excel first. Supported formats are: .xlsx,.xlsm,.xltx,.xltm
Error in loading `[1]A-2(2ND)!J25`:
openpyxl does not support  file format, please check you can open it with Excel first. Supported formats are: .xlsx,.xlsm,.xltx,.xltm
Error in loading `[1]A-2(1ST)!J25`:
openpyxl does not support  file format, please check you can open it with Excel first. Supported formats are: .xlsx,.xlsm,.xltx,.xltm
Error in loading `[1]A-1!I25`:
openpyxl does not support  file format, please check you can open it with Excel first. Supported formats are: .xlsx,.xlsm,.xltx,.xltm
[6/7 killed, 0/5 false alarms] budget-and-tax-rate-planning-tool::Recap Page 2.L52   missed: date_serial_off_by_one
[6/7 killed, 0/5 false alarms] budget-and-tax-rate-planning-tool::Levy Limit.E31   missed: date_serial_off_by_one
[6/7 killed, 0/5 false alarms] budget-and-tax-rate-planning-tool::Recap Page 2.L22   missed: date_serial_off_by_one
[6/7 killed, 0/5 false alarms] budget-and-tax-rate-planning-tool::Levy Limit.E19   missed: date_serial_off_by_one
Error in loading `[2]DISTRIBUTIONS!A10:T449`:
openpyxl does not support  file format, please check you can open it with Excel first. Supported formats are: .xlsx,.xlsm,.xltx,.xltm
Error in loading `[2]DEC!A10:O449`:
openpyxl does not support  file format, please check you can open it with Excel first. Supported formats are: .xlsx,.xlsm,.xltx,.xltm
Error in loading `[1]DISTHIST!A10:AN448`:
openpyxl does not support  file format, please check you can open it with Excel first. Supported formats are: .xlsx,.xlsm,.xltx,.xltm
Error in loading `[1]AID436!A10:AI448`:
openpyxl does not support  file format, please check you can open it with Excel first. Supported formats are: .xlsx,.xlsm,.xltx,.xltm
Error in loading `'file:/[Z:\Group\Budget\FY2015\02.%20Budget%20Overview\aaghistorical%20-%20Copy.xlsx]RESERVES'!B2:W354`:
[Errno 2] No such file or directory: '/Users/tkaushal99gmail.com/hackathon/witness/corpus/file:/Z:/Group/Budget/FY2015/02.%20Budget%20Overview/aaghistorical%20-%20Copy.xlsx'
Error in loading `'file:/[Z:\Group\Budget\FY2015\02.%20Budget%20Overview\aaghistorical%20-%20Copy.xlsx]ASSESSED VALUES'!A1`:
[Errno 2] No such file or directory: '/Users/tkaushal99gmail.com/hackathon/witness/corpus/file:/Z:/Group/Budget/FY2015/02.%20Budget%20Overview/aaghistorical%20-%20Copy.xlsx'
[7/7 killed, 0/5 false alarms] capital-planning-and-budgeting-workbook::Financial Tar
[7/7 killed, 0/5 false alarms] capital-planning-and-budgeting-workbook::Financial Tar
[7/7 killed, 0/5 false alarms] capital-planning-and-budgeting-workbook::Financial Tar
Error in loading `[2]DISTRIBUTIONS!A10:T449`:
openpyxl does not support  file format, please check you can open it with Excel first. Supported formats are: .xlsx,.xlsm,.xltx,.xltm
Error in loading `[2]DEC!A10:O449`:
openpyxl does not support  file format, please check you can open it with Excel first. Supported formats are: .xlsx,.xlsm,.xltx,.xltm
Error in loading `[1]DISTHIST!A10:AN448`:
openpyxl does not support  file format, please check you can open it with Excel first. Supported formats are: .xlsx,.xlsm,.xltx,.xltm
Error in loading `[1]AID436!A10:AI448`:
openpyxl does not support  file format, please check you can open it with Excel first. Supported formats are: .xlsx,.xlsm,.xltx,.xltm
