Error in loading `[3]LA13 BOTTOM!H28`:
openpyxl does not support  file format, please check you can open it with Excel first. Supported formats are: .xlsx,.xlsm,.xltx,.xltm
Error in loading `[3]LA-13A!E19`:
openpyxl does not support  file format, please check you can open it with Excel first. Supported formats are: .xlsx,.xlsm,.xltx,.xltm
Error in loading `[3]DE-1!J226`:
openpyxl does not support  file format, please check you can open it with Excel first. Supported formats are: .xlsx,.xlsm,.xltx,.xltm
Error in loading `[2]LA7!D32`:
openpyxl does not support  file format, please check you can open it with Excel first. Supported formats are: .xlsx,.xlsm,.xltx,.xltm
Error in loading `[1]TAX TITLE FORM!G32`:
openpyxl does not support  file format, please check you can open it with Excel first. Supported formats are: .xlsx,.xlsm,.xltx,.xltm
Error in loading `[1]START!C56`:
openpyxl does not support  file format, please check you can open it with Excel first. Supported formats are: .xlsx,.xlsm,.xltx,.xltm
Error in loading `[1]LA5 FORM!L54`:
openpyxl does not support  file format, please check you can open it with Excel first. Supported formats are: .xlsx,.xlsm,.xltx,.xltm
Error in loading `[1]LA5 FORM!L53`:
openpyxl does not support  file format, please check you can open it with Excel first. Supported formats are: .xlsx,.xlsm,.xltx,.xltm
Error in loading `[1]LA5 FORM!L52`:
openpyxl does not support  file format, please check you can open it with Excel first. Supported formats are: .xlsx,.xlsm,.xltx,.xltm
Error in loading `[1]LA5 FORM!L51`:
openpyxl does not support  file format, please check you can open it with Excel first. Supported formats are: .xlsx,.xlsm,.xltx,.xltm
Error in loading `[1]LA5 FORM!L50`:
openpyxl does not support  file format, please check you can open it with Excel first. Supported formats are: .xlsx,.xlsm,.xltx,.xltm
Error in loading `[1]CHAPTER 200!G7`:
openpyxl does not support  file format, please check you can open it with Excel first. Supported formats are: .xlsx,.xlsm,.xltx,.xltm
Error in loading `[1]CHAPTER 200!B48:E400`:
openpyxl does not support  file format, please check you can open it with Excel first. Supported formats are: .xlsx,.xlsm,.xltx,.xltm
Error in loading `[1]B-1!I42`:
openpyxl does not support  file format, please check you can open it with Excel first. Supported formats are: .xlsx,.xlsm,.xltx,.xltm
Error in loading `[1]A-4!K41`:
openpyxl does not support  file format, please check you can open it with Excel first. Supported formats are: .xlsx,.xlsm,.xltx,.xltm
Error in loading `[1]A-4!K24`:
openpyxl does not support  file format, please check you can open it with Excel first. Supported formats are: .xlsx,.xlsm,.xltx,.xltm
Error in loading `[1]A-2(7TH)!J25`:
openpyxl does not support  file format, please check you can open it with Excel first. Supported formats are: .xlsx,.xlsm,.xltx,.xltm
Error in loading `[1]A-2(6TH)!J25`:
openpyxl does not support  file format, please check you can open it with Excel first. Supported formats are: .xlsx,.xlsm,.xltx,.xltm
Error in loading `[1]A-2(5TH)!J25`:
openpyxl does not support  file format, please check you can open it with Excel first. Supported formats are: .xlsx,.xlsm,.xltx,.xltm
Error in loading `[1]A-2(4TH)!J25`:
openpyxl does not support  file format, please check you can open it with Excel first. Supported formats are: .xlsx,.xlsm,.xltx,.xltm
Error in loading `[1]A-2(3RD)!J25`:
openpyxl does not support  file format, please check you can open it with Excel first. Supported formats are: .xlsx,.xlsm,.xltx,.xltm
Error in loading `[1]A-2(2ND)!J25`:
openpyxl does not support  file format, please check you can open it with Excel first. Supported formats are: .xlsx,.xlsm,.xltx,.xltm
Error in loading `[1]A-2(1ST)!J25`:
openpyxl does not support  file format, please check you can open it with Excel first. Supported formats are: .xlsx,.xlsm,.xltx,.xltm
Error in loading `[1]A-1!I25`:
openpyxl does not support  file format, please check you can open it with Excel first. Supported formats are: .xlsx,.xlsm,.xltx,.xltm
Error in loading `[9]TOWNWIDE CONTRIBUTIONS!A10:AA361`:
openpyxl does not support  file format, please check you can open it with Excel first. Supported formats are: .xlsx,.xlsm,.xltx,.xltm
Error in loading `[7]REGIONALS!A10:J470`:
openpyxl does not support  file format, please check you can open it with Excel first. Supported formats are: .xlsx,.xlsm,.xltx,.xltm
Error in loading `[6]LOCALCONT!A10:Y1765`:
openpyxl does not support  file format, please check you can open it with Excel first. Supported formats are: .xlsx,.xlsm,.xltx,.xltm
Error in loading `[4]DISTRIBUTIONS!A10:T449`:
openpyxl does not support  file format, please check you can open it with Excel first. Supported formats are: .xlsx,.xlsm,.xltx,.xltm
Error in loading `[4]DEC!A10:O449`:
openpyxl does not support  file format, please check you can open it with Excel first. Supported formats are: .xlsx,.xlsm,.xltx,.xltm
Error in loading `[2]DISTHIST!A10:AN448`:
openpyxl does not support  file format, please check you can open it with Excel first. Supported formats are: .xlsx,.xlsm,.xltx,.xltm
Error in loading `[2]AID436!A10:AI448`:
openpyxl does not support  file format, please check you can open it with Excel first. Supported formats are: .xlsx,.xlsm,.xltx,.xltm
Error in loading `[9]TOWNWIDE CONTRIBUTIONS!A10:AA361`:
openpyxl does not support  file format, please check you can open it with Excel first. Supported formats are: .xlsx,.xlsm,.xltx,.xltm
Error in loading `[7]REGIONALS!A10:J470`:
openpyxl does not support  file format, please check you can open it with Excel first. Supported formats are: .xlsx,.xlsm,.xltx,.xltm
Error in loading `[6]LOCALCONT!A10:Y1765`:
openpyxl does not support  file format, please check you can open it with Excel first. Supported formats are: .xlsx,.xlsm,.xltx,.xltm
Error in loading `[4]DISTRIBUTIONS!A10:T449`:
openpyxl does not support  file format, please check you can open it with Excel first. Supported formats are: .xlsx,.xlsm,.xltx,.xltm
Error in loading `[4]DEC!A10:O449`:
openpyxl does not support  file format, please check you can open it with Excel first. Supported formats are: .xlsx,.xlsm,.xltx,.xltm
Error in loading `[2]DISTHIST!A10:AN448`:
openpyxl does not support  file format, please check you can open it with Excel first. Supported formats are: .xlsx,.xlsm,.xltx,.xltm
Error in loading `[2]AID436!A10:AI448`:
openpyxl does not support  file format, please check you can open it with Excel first. Supported formats are: .xlsx,.xlsm,.xltx,.xltm
Error in loading `[9]TOWNWIDE CONTRIBUTIONS!A10:AA361`:
openpyxl does not support  file format, please check you can open it with Excel first. Supported formats are: .xlsx,.xlsm,.xltx,.xltm
Error in loading `[7]REGIONALS!A10:J470`:
openpyxl does not support  file format, please check you can open it with Excel first. Supported formats are: .xlsx,.xlsm,.xltx,.xltm
Error in loading `[6]LOCALCONT!A10:Y1765`:
openpyxl does not support  file format, please check you can open it with Excel first. Supported formats are: .xlsx,.xlsm,.xltx,.xltm
Error in loading `[4]DISTRIBUTIONS!A10:T449`:
openpyxl does not support  file format, please check you can open it with Excel first. Supported formats are: .xlsx,.xlsm,.xltx,.xltm
Error in loading `[4]DEC!A10:O449`:
openpyxl does not support  file format, please check you can open it with Excel first. Supported formats are: .xlsx,.xlsm,.xltx,.xltm
Error in loading `[2]DISTHIST!A10:AN448`:
openpyxl does not support  file format, please check you can open it with Excel first. Supported formats are: .xlsx,.xlsm,.xltx,.xltm
Error in loading `[2]AID436!A10:AI448`:
openpyxl does not support  file format, please check you can open it with Excel first. Supported formats are: .xlsx,.xlsm,.xltx,.xltm
[ ok ] baseline/budget-and-tax-rate-planning-tool__Recap_Page_2.L52  (845 bytes)
[ ok ] witness/budget-and-tax-rate-planning-tool__Recap_Page_2.L52  repairs=0 certified=True
[ ok ] baseline/capital-targets-template__Debt.G8  (725 bytes)
[skip] witness/capital-targets-template__Debt.G8 exists
[ ok ] baseline/capital-targets-template__Debt.H8  (494 bytes)
[skip] witness/capital-targets-template__Debt.H8 exists
[ ok ] baseline/capital-targets-template__CIP.C68  (1342 bytes)
[skip] witness/capital-targets-template__CIP.C68 exists
[ ok ] baseline/financial-forecasting-template-10-year__Fiscal_Years.AA13  (1521 bytes)
[ ok ] witness/financial-forecasting-template-10-year__Fiscal_Years.AA13  repairs=2 certified=True
[ ok ] baseline/financial-forecasting-template-10-year__Fiscal_Years.AA16  (1621 bytes)
[ ok ] witness/financial-forecasting-template-10-year__Fiscal_Years.AA16  repairs=3 certified=False
[ ok ] baseline/financial-forecasting-template-10-year__Available_Funds.T48  (508 bytes)
[skip] witness/financial-forecasting-template-10-year__Available_Funds.T48 exists
[ ok ] baseline/financial-forecasting-template-5-year__Available_Funds.N48  (1671 bytes)
[skip] witness/financial-forecasting-template-5-year__Available_Funds.N48 exists
[ ok ] baseline/financial-forecasting-template-5-year__Available_Funds.N53  (1594 bytes)
[ ok ] witness/financial-forecasting-template-5-year__Available_Funds.N53  repairs=3 certified=False
[ ok ] baseline/financial-indicators-template-0__6_-_Operating_Expenditures.K35  (968 bytes)
[ ok ] witness/financial-indicators-template-0__6_-_Operating_Expenditures.K35  repairs=0 certified=True
